Copyright 1986-2022 Xilinx, Inc. All Rights Reserved.
-------------------------------------------------------------------------------------------------------------------------------------------
| Tool Version     : Vivado v.2022.2 (win64) Build 3671981 Fri Oct 14 05:00:03 MDT 2022
| Date             : Wed Jun 14 13:33:19 2023
| Host             : DANIELAVILA running 64-bit major release  (build 9200)
| Command          : report_power -file DAPHNE2_power_routed.rpt -pb DAPHNE2_power_summary_routed.pb -rpx DAPHNE2_power_routed.rpx
| Design           : DAPHNE2
| Device           : xc7a200tfbg676-3
| Design State     : routed
| Grade            : extended
| Process          : typical
| Characterization : Production
-------------------------------------------------------------------------------------------------------------------------------------------

Power Report

Table of Contents
-----------------
1. Summary
1.1 On-Chip Components
1.2 Power Supply Summary
1.3 Confidence Level
2. Settings
2.1 Environment
2.2 Clock Constraints
3. Detailed Reports
3.1 By Hierarchy

1. Summary
----------

+--------------------------+--------------+
| Total On-Chip Power (W)  | 2.927        |
| Design Power Budget (W)  | Unspecified* |
| Power Budget Margin (W)  | NA           |
| Dynamic (W)              | 2.753        |
| Device Static (W)        | 0.174        |
| Effective TJA (C/W)      | 1.9          |
| Max Ambient (C)          | 94.5         |
| Junction Temperature (C) | 30.5         |
| Confidence Level         | Low          |
| Setting File             | ---          |
| Simulation Activity File | ---          |
| Design Nets Matched      | NA           |
+--------------------------+--------------+
* Specify Design Power Budget using, set_operating_conditions -design_power_budget <value in Watts>


1.1 On-Chip Components
----------------------

+-------------------------+-----------+----------+-----------+-----------------+
| On-Chip                 | Power (W) | Used     | Available | Utilization (%) |
+-------------------------+-----------+----------+-----------+-----------------+
| Clocks                  |     0.146 |       38 |       --- |             --- |
| Slice Logic             |     0.047 |    28459 |       --- |             --- |
|   LUT as Logic          |     0.028 |     6098 |    133800 |            4.56 |
|   LUT as Shift Register |     0.011 |     2609 |     46200 |            5.65 |
|   Register              |     0.007 |    15711 |    269200 |            5.84 |
|   CARRY4                |     0.001 |      659 |     33450 |            1.97 |
|   F7/F8 Muxes           |    <0.001 |      278 |    133800 |            0.21 |
|   Others                |    <0.001 |     1516 |       --- |             --- |
| Signals                 |     0.152 |    62910 |       --- |             --- |
| Block RAM               |     0.184 |    130.5 |       365 |           35.75 |
| MMCM                    |     0.528 |        5 |        10 |           50.00 |
| DSPs                    |     0.429 |      680 |       740 |           91.89 |
| I/O                     |     0.749 |      143 |       400 |           35.75 |
| GTP                     |     0.519 |        5 |       --- |             --- |
| Static Power            |     0.174 |          |           |                 |
| Total                   |     2.927 |          |           |                 |
+-------------------------+-----------+----------+-----------+-----------------+


1.2 Power Supply Summary
------------------------

+-----------+-------------+-----------+-------------+------------+-------------+-------------+------------+
| Source    | Voltage (V) | Total (A) | Dynamic (A) | Static (A) | Powerup (A) | Budget (A)  | Margin (A) |
+-----------+-------------+-----------+-------------+------------+-------------+-------------+------------+
| Vccint    |       1.000 |     1.114 |       1.073 |      0.041 |       NA    | Unspecified | NA         |
| Vccaux    |       1.800 |     0.589 |       0.558 |      0.031 |       NA    | Unspecified | NA         |
| Vcco33    |       3.300 |     0.007 |       0.002 |      0.005 |       NA    | Unspecified | NA         |
| Vcco25    |       2.500 |     0.094 |       0.089 |      0.005 |       NA    | Unspecified | NA         |
| Vcco18    |       1.800 |     0.000 |       0.000 |      0.000 |       NA    | Unspecified | NA         |
| Vcco15    |       1.500 |     0.000 |       0.000 |      0.000 |       NA    | Unspecified | NA         |
| Vcco135   |       1.350 |     0.000 |       0.000 |      0.000 |       NA    | Unspecified | NA         |
| Vcco12    |       1.200 |     0.000 |       0.000 |      0.000 |       NA    | Unspecified | NA         |
| Vccaux_io |       1.800 |     0.000 |       0.000 |      0.000 |       NA    | Unspecified | NA         |
| Vccbram   |       1.000 |     0.017 |       0.014 |      0.003 |       NA    | Unspecified | NA         |
| MGTAVcc   |       1.000 |     0.221 |       0.218 |      0.003 |       NA    | Unspecified | NA         |
| MGTAVtt   |       1.200 |     0.182 |       0.177 |      0.005 |       NA    | Unspecified | NA         |
| Vccadc    |       1.800 |     0.020 |       0.000 |      0.020 |       NA    | Unspecified | NA         |
+-----------+-------------+-----------+-------------+------------+-------------+-------------+------------+


1.3 Confidence Level
--------------------

+-----------------------------+------------+--------------------------------------------------------+------------------------------------------------------------------------------------------------------------+
| User Input Data             | Confidence | Details                                                | Action                                                                                                     |
+-----------------------------+------------+--------------------------------------------------------+------------------------------------------------------------------------------------------------------------+
| Design implementation state | High       | Design is routed                                       |                                                                                                            |
| Clock nodes activity        | High       | User specified more than 95% of clocks                 |                                                                                                            |
| I/O nodes activity          | Low        | More than 75% of inputs are missing user specification | Provide missing input activity with simulation results or by editing the "By Resource Type -> I/Os" view   |
| Internal nodes activity     | Medium     | User specified less than 25% of internal nodes         | Provide missing internal nodes activity with simulation results or by editing the "By Resource Type" views |
| Device models               | High       | Device models are Production                           |                                                                                                            |
|                             |            |                                                        |                                                                                                            |
| Overall confidence level    | Low        |                                                        |                                                                                                            |
+-----------------------------+------------+--------------------------------------------------------+------------------------------------------------------------------------------------------------------------+


2. Settings
-----------

2.1 Environment
---------------

+-----------------------+--------------------------+
| Ambient Temp (C)      | 25.0                     |
| ThetaJA (C/W)         | 1.9                      |
| Airflow (LFM)         | 250                      |
| Heat Sink             | medium (Medium Profile)  |
| ThetaSA (C/W)         | 3.4                      |
| Board Selection       | medium (10"x10")         |
| # of Board Layers     | 12to15 (12 to 15 Layers) |
| Board Temperature (C) | 25.0                     |
+-----------------------+--------------------------+


2.2 Clock Constraints
---------------------

+---------------------------------------------------------------------------------------------------------------------+---------------------------------------------------------------------------------------------------------------------+-----------------+
| Clock                                                                                                               | Domain                                                                                                              | Constraint (ns) |
+---------------------------------------------------------------------------------------------------------------------+---------------------------------------------------------------------------------------------------------------------+-----------------+
| adn2814_clk                                                                                                         | adn2814_clk_p                                                                                                       |             3.2 |
| core_inst/daq_quad_inst/U0/daphne2_daq_txonly_init_i/daphne2_daq_txonly_i/gt0_daphne2_daq_txonly_i/gtpe2_i/TXOUTCLK | core_inst/daq_quad_inst/U0/daphne2_daq_txonly_init_i/daphne2_daq_txonly_i/gt0_daphne2_daq_txonly_i/gt0_txoutclk_out |             4.2 |
| daq_clkfbout                                                                                                        | core_inst/daq_quad_inst/U0/gt_usrclk_source/txoutclk_mmcm0_i/clkfbout                                               |             4.2 |
| daq_refclk                                                                                                          | daq_refclk_p                                                                                                        |             8.3 |
| daqclk0                                                                                                             | core_inst/daq_quad_inst/U0/gt_usrclk_source/txoutclk_mmcm0_i/clkout0                                                |             8.3 |
| daqclk1                                                                                                             | core_inst/daq_quad_inst/U0/gt_usrclk_source/txoutclk_mmcm0_i/clkout1                                                |             4.2 |
| ep_clk62p5                                                                                                          | endpoint_inst/pdts_endpoint_inst/ep/clkgen/clki                                                                     |            16.0 |
| ep_clkfbout                                                                                                         | endpoint_inst/pdts_endpoint_inst/ep/clkgen/clkfbout                                                                 |             3.2 |
| fclk0                                                                                                               | endpoint_inst/mmcm1_clkout0                                                                                         |             2.3 |
| fclk1                                                                                                               | endpoint_inst/mmcm1_clkout0                                                                                         |             2.3 |
| gbe_refclk                                                                                                          | gbe_refclk_p                                                                                                        |             8.0 |
| local_clk62p5                                                                                                       | endpoint_inst/mmcm0_clkout0                                                                                         |            16.0 |
| mclk0                                                                                                               | endpoint_inst/mmcm1_clkout1                                                                                         |            16.0 |
| mclk1                                                                                                               | endpoint_inst/mmcm1_clkout1                                                                                         |            16.0 |
| mmcm0_clkfbout                                                                                                      | endpoint_inst/mmcm0_clkfbout                                                                                        |            10.0 |
| mmcm1_clkfbout0                                                                                                     | endpoint_inst/mmcm1_clkfbout                                                                                        |            16.0 |
| mmcm1_clkfbout1                                                                                                     | endpoint_inst/mmcm1_clkfbout                                                                                        |            16.0 |
| oei_clkfbout                                                                                                        | phy_inst/U0/core_clocking_i/clkfbout                                                                                |            16.0 |
| oeiclk                                                                                                              | phy_inst/U0/core_clocking_i/clkout0                                                                                 |             8.0 |
| oeihclk                                                                                                             | phy_inst/U0/core_clocking_i/clkout1                                                                                 |            16.0 |
| phy_inst/U0/pcs_pma_block_i/transceiver_inst/gtwizard_inst/U0/gtwizard_i/gt0_GTWIZARD_i/gtpe2_i/TXOUTCLK            | phy_inst/U0/pcs_pma_block_i/transceiver_inst/gtwizard_inst/U0/gtwizard_i/gt0_GTWIZARD_i/txoutclk                    |            16.0 |
| sclk100                                                                                                             | endpoint_inst/mmcm0_clkout2                                                                                         |            10.0 |
| sclk200                                                                                                             | endpoint_inst/mmcm0_clkout1                                                                                         |             5.0 |
| sysclk                                                                                                              | sysclk_p                                                                                                            |            10.0 |
+---------------------------------------------------------------------------------------------------------------------+---------------------------------------------------------------------------------------------------------------------+-----------------+


3. Detailed Reports
-------------------

3.1 By Hierarchy
----------------

+---------------------------------------------+-----------+
| Name                                        | Power (W) |
+---------------------------------------------+-----------+
| DAPHNE2                                     |     2.753 |
|   BRAM0_inst                                |     0.003 |
|   core_inst                                 |     0.580 |
|     daq_quad_inst                           |     0.509 |
|       U0                                    |     0.509 |
|     sender0_inst                            |     0.015 |
|       crc_inst                              |     0.005 |
|     sender0_spy_hi_inst                     |     0.006 |
|       genbuffer[0].ramb_inst                |     0.001 |
|       genbuffer[1].ramb_inst                |     0.001 |
|       genbuffer[2].ramb_inst                |     0.001 |
|       genbuffer[3].ramb_inst                |     0.001 |
|     sender0_spy_lo_inst                     |     0.006 |
|       genbuffer[0].ramb_inst                |     0.001 |
|       genbuffer[1].ramb_inst                |     0.001 |
|       genbuffer[2].ramb_inst                |     0.001 |
|       genbuffer[3].ramb_inst                |     0.001 |
|     sender1_inst                            |     0.015 |
|       crc_inst                              |     0.005 |
|     sender2_inst                            |     0.014 |
|       crc_inst                              |     0.005 |
|     sender3_inst                            |     0.015 |
|       crc_inst                              |     0.006 |
|   endpoint_inst                             |     0.409 |
|     pdts_endpoint_inst                      |     0.142 |
|       ep                                    |     0.142 |
|   eth_int_inst                              |     0.054 |
|     data_manager_blk                        |     0.035 |
|       GEC_RX_CTRL                           |     0.001 |
|       GEC_TX_SEQ_CTL                        |     0.002 |
|       RAM_COMM_DEC                          |     0.008 |
|       RX_DATA_FIFO                          |     0.007 |
|       RX_SRC_ADDR_FIFO                      |     0.002 |
|       RX_SRC_MAC_FIFO                       |     0.002 |
|       TX_CTRL_ADDR_FIFO                     |     0.003 |
|       TX_CTRL_FIFO                          |     0.004 |
|       TX_CTRL_INFO_FIFO                     |     0.001 |
|       TX_CTRL_MAC_FIFO                      |     0.003 |
|     ec_wrapper                              |     0.016 |
|       ethernet_controller                   |     0.015 |
|   fe_inst                                   |     1.281 |
|     gen_afe[0].afe_inst                     |     0.132 |
|       ffebit_inst                           |     0.015 |
|       genfebit[0].dfebit_inst               |     0.015 |
|       genfebit[1].dfebit_inst               |     0.015 |
|       genfebit[2].dfebit_inst               |     0.015 |
|       genfebit[3].dfebit_inst               |     0.015 |
|       genfebit[4].dfebit_inst               |     0.015 |
|       genfebit[5].dfebit_inst               |     0.015 |
|       genfebit[6].dfebit_inst               |     0.015 |
|       genfebit[7].dfebit_inst               |     0.015 |
|     gen_afe[1].afe_inst                     |     0.132 |
|       ffebit_inst                           |     0.015 |
|       genfebit[0].dfebit_inst               |     0.015 |
|       genfebit[1].dfebit_inst               |     0.015 |
|       genfebit[2].dfebit_inst               |     0.015 |
|       genfebit[3].dfebit_inst               |     0.015 |
|       genfebit[4].dfebit_inst               |     0.015 |
|       genfebit[5].dfebit_inst               |     0.015 |
|       genfebit[6].dfebit_inst               |     0.015 |
|       genfebit[7].dfebit_inst               |     0.015 |
|     gen_afe[2].afe_inst                     |     0.132 |
|       ffebit_inst                           |     0.015 |
|       genfebit[0].dfebit_inst               |     0.015 |
|       genfebit[1].dfebit_inst               |     0.015 |
|       genfebit[2].dfebit_inst               |     0.015 |
|       genfebit[3].dfebit_inst               |     0.015 |
|       genfebit[4].dfebit_inst               |     0.015 |
|       genfebit[5].dfebit_inst               |     0.015 |
|       genfebit[6].dfebit_inst               |     0.015 |
|       genfebit[7].dfebit_inst               |     0.015 |
|     gen_afe[3].afe_inst                     |     0.132 |
|       ffebit_inst                           |     0.015 |
|       genfebit[0].dfebit_inst               |     0.015 |
|       genfebit[1].dfebit_inst               |     0.015 |
|       genfebit[2].dfebit_inst               |     0.015 |
|       genfebit[3].dfebit_inst               |     0.015 |
|       genfebit[4].dfebit_inst               |     0.015 |
|       genfebit[5].dfebit_inst               |     0.015 |
|       genfebit[6].dfebit_inst               |     0.015 |
|       genfebit[7].dfebit_inst               |     0.015 |
|     gen_afe[4].afe_inst                     |     0.132 |
|       ffebit_inst                           |     0.015 |
|       genfebit[0].dfebit_inst               |     0.015 |
|       genfebit[1].dfebit_inst               |     0.015 |
|       genfebit[2].dfebit_inst               |     0.015 |
|       genfebit[3].dfebit_inst               |     0.015 |
|       genfebit[4].dfebit_inst               |     0.015 |
|       genfebit[5].dfebit_inst               |     0.015 |
|       genfebit[6].dfebit_inst               |     0.015 |
|       genfebit[7].dfebit_inst               |     0.015 |
|     gen_self_trigger[0].self_trigger_inst   |     0.116 |
|       gen_hpf[0].hpf_inst                   |     0.002 |
|       gen_hpf[1].hpf_inst                   |     0.002 |
|       gen_hpf[2].hpf_inst                   |     0.002 |
|       gen_hpf[3].hpf_inst                   |     0.002 |
|       gen_hpf[4].hpf_inst                   |     0.002 |
|       gen_hpf[5].hpf_inst                   |     0.002 |
|       gen_hpf[6].hpf_inst                   |     0.002 |
|       gen_hpf[7].hpf_inst                   |     0.002 |
|       gen_self_trigger[0].self_trigger_inst |     0.013 |
|       gen_self_trigger[1].self_trigger_inst |     0.013 |
|       gen_self_trigger[2].self_trigger_inst |     0.013 |
|       gen_self_trigger[3].self_trigger_inst |     0.013 |
|       gen_self_trigger[4].self_trigger_inst |     0.012 |
|       gen_self_trigger[5].self_trigger_inst |     0.012 |
|       gen_self_trigger[6].self_trigger_inst |     0.012 |
|       gen_self_trigger[7].self_trigger_inst |     0.013 |
|     gen_self_trigger[1].self_trigger_inst   |     0.117 |
|       gen_hpf[0].hpf_inst                   |     0.002 |
|       gen_hpf[1].hpf_inst                   |     0.002 |
|       gen_hpf[2].hpf_inst                   |     0.002 |
|       gen_hpf[3].hpf_inst                   |     0.002 |
|       gen_hpf[4].hpf_inst                   |     0.002 |
|       gen_hpf[5].hpf_inst                   |     0.002 |
|       gen_hpf[6].hpf_inst                   |     0.002 |
|       gen_hpf[7].hpf_inst                   |     0.002 |
|       gen_self_trigger[0].self_trigger_inst |     0.013 |
|       gen_self_trigger[1].self_trigger_inst |     0.013 |
|       gen_self_trigger[2].self_trigger_inst |     0.014 |
|       gen_self_trigger[3].self_trigger_inst |     0.013 |
|       gen_self_trigger[4].self_trigger_inst |     0.012 |
|       gen_self_trigger[5].self_trigger_inst |     0.012 |
|       gen_self_trigger[6].self_trigger_inst |     0.012 |
|       gen_self_trigger[7].self_trigger_inst |     0.013 |
|     gen_self_trigger[2].self_trigger_inst   |     0.118 |
|       gen_hpf[0].hpf_inst                   |     0.002 |
|       gen_hpf[1].hpf_inst                   |     0.002 |
|       gen_hpf[2].hpf_inst                   |     0.002 |
|       gen_hpf[3].hpf_inst                   |     0.002 |
|       gen_hpf[4].hpf_inst                   |     0.002 |
|       gen_hpf[5].hpf_inst                   |     0.002 |
|       gen_hpf[6].hpf_inst                   |     0.002 |
|       gen_hpf[7].hpf_inst                   |     0.002 |
|       gen_self_trigger[0].self_trigger_inst |     0.013 |
|       gen_self_trigger[1].self_trigger_inst |     0.014 |
|       gen_self_trigger[2].self_trigger_inst |     0.013 |
|       gen_self_trigger[3].self_trigger_inst |     0.013 |
|       gen_self_trigger[4].self_trigger_inst |     0.013 |
|       gen_self_trigger[5].self_trigger_inst |     0.012 |
|       gen_self_trigger[6].self_trigger_inst |     0.012 |
|       gen_self_trigger[7].self_trigger_inst |     0.012 |
|     gen_self_trigger[3].self_trigger_inst   |     0.115 |
|       gen_hpf[0].hpf_inst                   |     0.002 |
|       gen_hpf[1].hpf_inst                   |     0.002 |
|       gen_hpf[2].hpf_inst                   |     0.002 |
|       gen_hpf[3].hpf_inst                   |     0.002 |
|       gen_hpf[4].hpf_inst                   |     0.002 |
|       gen_hpf[5].hpf_inst                   |     0.002 |
|       gen_hpf[6].hpf_inst                   |     0.002 |
|       gen_hpf[7].hpf_inst                   |     0.002 |
|       gen_self_trigger[0].self_trigger_inst |     0.013 |
|       gen_self_trigger[1].self_trigger_inst |     0.013 |
|       gen_self_trigger[2].self_trigger_inst |     0.013 |
|       gen_self_trigger[3].self_trigger_inst |     0.013 |
|       gen_self_trigger[4].self_trigger_inst |     0.012 |
|       gen_self_trigger[5].self_trigger_inst |     0.012 |
|       gen_self_trigger[6].self_trigger_inst |     0.012 |
|       gen_self_trigger[7].self_trigger_inst |     0.012 |
|     gen_self_trigger[4].self_trigger_inst   |     0.117 |
|       gen_hpf[0].hpf_inst                   |     0.002 |
|       gen_hpf[1].hpf_inst                   |     0.002 |
|       gen_hpf[2].hpf_inst                   |     0.002 |
|       gen_hpf[3].hpf_inst                   |     0.002 |
|       gen_hpf[4].hpf_inst                   |     0.002 |
|       gen_hpf[5].hpf_inst                   |     0.002 |
|       gen_hpf[6].hpf_inst                   |     0.002 |
|       gen_hpf[7].hpf_inst                   |     0.002 |
|       gen_self_trigger[0].self_trigger_inst |     0.012 |
|       gen_self_trigger[1].self_trigger_inst |     0.015 |
|       gen_self_trigger[2].self_trigger_inst |     0.013 |
|       gen_self_trigger[3].self_trigger_inst |     0.013 |
|       gen_self_trigger[4].self_trigger_inst |     0.012 |
|       gen_self_trigger[5].self_trigger_inst |     0.012 |
|       gen_self_trigger[6].self_trigger_inst |     0.013 |
|       gen_self_trigger[7].self_trigger_inst |     0.012 |
|   gen_spy_afe[0].gen_spy_bit[0].spy_inst    |     0.005 |
|     genbuffer[0].ramb_inst                  |     0.001 |
|     genbuffer[1].ramb_inst                  |     0.001 |
|     genbuffer[2].ramb_inst                  |     0.001 |
|     genbuffer[3].ramb_inst                  |     0.001 |
|   gen_spy_afe[0].gen_spy_bit[1].spy_inst    |     0.005 |
|     genbuffer[0].ramb_inst                  |     0.001 |
|     genbuffer[1].ramb_inst                  |     0.001 |
|     genbuffer[2].ramb_inst                  |     0.001 |
|     genbuffer[3].ramb_inst                  |     0.001 |
|   gen_spy_afe[0].gen_spy_bit[2].spy_inst    |     0.005 |
|     genbuffer[0].ramb_inst                  |     0.001 |
|     genbuffer[1].ramb_inst                  |     0.001 |
|     genbuffer[2].ramb_inst                  |     0.001 |
|     genbuffer[3].ramb_inst                  |     0.001 |
|   gen_spy_afe[0].gen_spy_bit[3].spy_inst    |     0.005 |
|     genbuffer[0].ramb_inst                  |     0.001 |
|     genbuffer[1].ramb_inst                  |     0.001 |
|     genbuffer[2].ramb_inst                  |     0.001 |
|     genbuffer[3].ramb_inst                  |     0.001 |
|   gen_spy_afe[0].gen_spy_bit[4].spy_inst    |     0.005 |
|     genbuffer[0].ramb_inst                  |     0.001 |
|     genbuffer[1].ramb_inst                  |     0.001 |
|     genbuffer[2].ramb_inst                  |     0.001 |
|     genbuffer[3].ramb_inst                  |     0.001 |
|   gen_spy_afe[0].gen_spy_bit[5].spy_inst    |     0.005 |
|     genbuffer[0].ramb_inst                  |     0.001 |
|     genbuffer[1].ramb_inst                  |     0.001 |
|     genbuffer[2].ramb_inst                  |     0.001 |
|     genbuffer[3].ramb_inst                  |     0.001 |
|   gen_spy_afe[0].gen_spy_bit[6].spy_inst    |     0.005 |
|     genbuffer[0].ramb_inst                  |     0.001 |
|     genbuffer[1].ramb_inst                  |     0.001 |
|     genbuffer[2].ramb_inst                  |     0.001 |
|     genbuffer[3].ramb_inst                  |     0.001 |
|   gen_spy_afe[0].gen_spy_bit[7].spy_inst    |     0.005 |
|     genbuffer[0].ramb_inst                  |     0.001 |
|     genbuffer[1].ramb_inst                  |     0.001 |
|     genbuffer[2].ramb_inst                  |     0.001 |
|     genbuffer[3].ramb_inst                  |     0.001 |
|   gen_spy_afe[0].gen_spy_bit[8].spy_inst    |     0.003 |
|   gen_spy_afe[1].gen_spy_bit[0].spy_inst    |     0.003 |
|   gen_spy_afe[1].gen_spy_bit[1].spy_inst    |     0.003 |
|   gen_spy_afe[1].gen_spy_bit[2].spy_inst    |     0.003 |
|   gen_spy_afe[1].gen_spy_bit[3].spy_inst    |     0.003 |
|   gen_spy_afe[1].gen_spy_bit[4].spy_inst    |     0.003 |
|   gen_spy_afe[1].gen_spy_bit[5].spy_inst    |     0.003 |
|   gen_spy_afe[1].gen_spy_bit[6].spy_inst    |     0.003 |
|   gen_spy_afe[1].gen_spy_bit[7].spy_inst    |     0.003 |
|   gen_spy_afe[1].gen_spy_bit[8].spy_inst    |     0.002 |
|   gen_spy_afe[2].gen_spy_bit[0].spy_inst    |     0.003 |
|   gen_spy_afe[2].gen_spy_bit[1].spy_inst    |     0.003 |
|   gen_spy_afe[2].gen_spy_bit[2].spy_inst    |     0.003 |
|   gen_spy_afe[2].gen_spy_bit[3].spy_inst    |     0.003 |
|   gen_spy_afe[2].gen_spy_bit[4].spy_inst    |     0.003 |
|   gen_spy_afe[2].gen_spy_bit[5].spy_inst    |     0.003 |
|   gen_spy_afe[2].gen_spy_bit[6].spy_inst    |     0.003 |
|   gen_spy_afe[2].gen_spy_bit[7].spy_inst    |     0.003 |
|   gen_spy_afe[2].gen_spy_bit[8].spy_inst    |     0.002 |
|   gen_spy_afe[3].gen_spy_bit[0].spy_inst    |     0.003 |
|   gen_spy_afe[3].gen_spy_bit[1].spy_inst    |     0.003 |
|   gen_spy_afe[3].gen_spy_bit[2].spy_inst    |     0.003 |
|   gen_spy_afe[3].gen_spy_bit[3].spy_inst    |     0.003 |
|   gen_spy_afe[3].gen_spy_bit[4].spy_inst    |     0.003 |
|   gen_spy_afe[3].gen_spy_bit[5].spy_inst    |     0.003 |
|   gen_spy_afe[3].gen_spy_bit[6].spy_inst    |     0.003 |
|   gen_spy_afe[3].gen_spy_bit[7].spy_inst    |     0.003 |
|   gen_spy_afe[3].gen_spy_bit[8].spy_inst    |     0.002 |
|   gen_spy_afe[4].gen_spy_bit[0].spy_inst    |     0.003 |
|   gen_spy_afe[4].gen_spy_bit[1].spy_inst    |     0.003 |
|   gen_spy_afe[4].gen_spy_bit[2].spy_inst    |     0.003 |
|   gen_spy_afe[4].gen_spy_bit[3].spy_inst    |     0.003 |
|   gen_spy_afe[4].gen_spy_bit[4].spy_inst    |     0.003 |
|   gen_spy_afe[4].gen_spy_bit[5].spy_inst    |     0.003 |
|   gen_spy_afe[4].gen_spy_bit[6].spy_inst    |     0.003 |
|   gen_spy_afe[4].gen_spy_bit[7].spy_inst    |     0.003 |
|   gen_spy_afe[4].gen_spy_bit[8].spy_inst    |     0.003 |
|   phy_inst                                  |     0.245 |
|     U0                                      |     0.245 |
|       core_clocking_i                       |     0.107 |
|       pcs_pma_block_i                       |     0.137 |
|   ts_spy_gen[0].ts_spy_inst                 |     0.003 |
|   ts_spy_gen[1].ts_spy_inst                 |     0.003 |
|   ts_spy_gen[2].ts_spy_inst                 |     0.003 |
|   ts_spy_gen[3].ts_spy_inst                 |     0.003 |
+---------------------------------------------+-----------+


